;Items=16
;Repeat=1
;Octave=0
;Abscissa=Fdp
;DP_freq=2*F1-F2
;NNSB=3
;Signal=DP+
;Datafmt=Extended
;SaveBin=Yes
;Units=dB
;  F2      F1      L2      L1       T    Noise    SNR
;
8000.00 7601.56   50.00   60.00   64.00  -30.00   30.00
8000.00 7480.47   50.00   60.00   64.00  -30.00   30.00
8000.00 7363.28   50.00   60.00   64.00  -30.00   30.00
8000.00 7250.00   50.00   60.00   64.00  -30.00   30.00
8000.00 7136.72   50.00   60.00   64.00  -30.00   30.00
8000.00 7023.44   50.00   60.00   64.00  -30.00   30.00
8000.00 6914.06   50.00   60.00   64.00  -30.00   30.00
8000.00 6804.69   50.00   60.00   64.00  -30.00   30.00
8000.00 6699.22   50.00   60.00   64.00  -30.00   30.00
8000.00 6593.75   50.00   60.00   64.00  -30.00   30.00
8000.00 6492.19   50.00   60.00   64.00  -30.00   30.00
8000.00 6390.63   50.00   60.00   64.00  -30.00   30.00
8000.00 6289.06   50.00   60.00   64.00  -30.00   30.00
8000.00 6191.41   50.00   60.00   64.00  -30.00   30.00
8000.00 6093.75   50.00   60.00   64.00  -30.00   30.00
8000.00 6000.00   50.00   60.00   64.00  -30.00   30.00
