; suppr.lst - F2=4kHz w/ suppressor
;Repeat=1
;Abscissa=Trial
;DP_freq=2*F1-F2
;NNSB=1
;Signal=DP+
;Datafmt=Extended
;SaveBin=No
;Units=dB
;Suppressor=Yes
;  F2      F1    L2   L1     T    Noise    SNR      F3    L3
 4000   3333.33  20   30   64.00  -40.00   30.00   2500  -40
 4000   3333.33  20   30   64.00  -40.00   30.00   2500  -20
 4000   3333.33  20   30   64.00  -40.00   30.00   2500    0
 4000   3333.33  20   30   64.00  -40.00   30.00   2500   20
;
 4000   3333.33  30   40   64.00  -20.00   30.00   2500  -40
 4000   3333.33  30   40   64.00  -20.00   30.00   2500  -20
 4000   3333.33  30   40   64.00  -20.00   30.00   2500    0
 4000   3333.33  30   40   64.00  -20.00   30.00   2500   20
;
 4000   3333.33  40   50   64.00  -20.00   30.00   2500  -20
 4000   3333.33  40   50   64.00  -20.00   30.00   2500    0
 4000   3333.33  40   50   64.00  -20.00   30.00   2500   20
 4000   3333.33  40   50   64.00  -20.00   30.00   2500   40

